// Jest Snapshot v1, https://goo.gl/fbAQLP

exports[`renders a movie 1`] = `
Object {
  "asFragment": [Function],
  "baseElement": <body>
    <div>
      <div
        class="containerD"
      >
        <p
          class="title"
        >
          Spider-Man: No Way Home
        </p>
        <img
          class="imageD"
          src="https://image.tmdb.org/t/p/w500/undefined"
        />
        <p />
        <p>
          Rating: 
          8.4
        </p>
        <p>
          Budget: 
          200000000
        </p>
        <p>
          Revenue: 
          1535856116
        </p>
        <p>
          Release date: 
        </p>
        <p>
          Runtime: 
        </p>
        <p>
          Status: 
        </p>
        <p>
          Tagline: 
        </p>
      </div>
    </div>
  </body>,
  "container": <div>
    <div
      class="containerD"
    >
      <p
        class="title"
      >
        Spider-Man: No Way Home
      </p>
      <img
        class="imageD"
        src="https://image.tmdb.org/t/p/w500/undefined"
      />
      <p />
      <p>
        Rating: 
        8.4
      </p>
      <p>
        Budget: 
        200000000
      </p>
      <p>
        Revenue: 
        1535856116
      </p>
      <p>
        Release date: 
      </p>
      <p>
        Runtime: 
      </p>
      <p>
        Status: 
      </p>
      <p>
        Tagline: 
      </p>
    </div>
  </div>,
  "debug": [Function],
  "findAllByAltText": [Function],
  "findAllByDisplayValue": [Function],
  "findAllByLabelText": [Function],
  "findAllByPlaceholderText": [Function],
  "findAllByRole": [Function],
  "findAllByTestId": [Function],
  "findAllByText": [Function],
  "findAllByTitle": [Function],
  "findByAltText": [Function],
  "findByDisplayValue": [Function],
  "findByLabelText": [Function],
  "findByPlaceholderText": [Function],
  "findByRole": [Function],
  "findByTestId": [Function],
  "findByText": [Function],
  "findByTitle": [Function],
  "getAllByAltText": [Function],
  "getAllByDisplayValue": [Function],
  "getAllByLabelText": [Function],
  "getAllByPlaceholderText": [Function],
  "getAllByRole": [Function],
  "getAllByTestId": [Function],
  "getAllByText": [Function],
  "getAllByTitle": [Function],
  "getByAltText": [Function],
  "getByDisplayValue": [Function],
  "getByLabelText": [Function],
  "getByPlaceholderText": [Function],
  "getByRole": [Function],
  "getByTestId": [Function],
  "getByText": [Function],
  "getByTitle": [Function],
  "queryAllByAltText": [Function],
  "queryAllByDisplayValue": [Function],
  "queryAllByLabelText": [Function],
  "queryAllByPlaceholderText": [Function],
  "queryAllByRole": [Function],
  "queryAllByTestId": [Function],
  "queryAllByText": [Function],
  "queryAllByTitle": [Function],
  "queryByAltText": [Function],
  "queryByDisplayValue": [Function],
  "queryByLabelText": [Function],
  "queryByPlaceholderText": [Function],
  "queryByRole": [Function],
  "queryByTestId": [Function],
  "queryByText": [Function],
  "queryByTitle": [Function],
  "rerender": [Function],
  "unmount": [Function],
}
`;
